// Jest Snapshot v1, https://goo.gl/fbAQLP

exports[`Unit testing QueryPage component Snapshot testing 1`] = `
<div
  className="pageDiv"
>
  <h1
    className="display-3 pageHeading"
  >
    restaurant name
  </h1>
  <h3
    className="display-6"
  >
    Ask us what's on your mind.
  </h3>
  <QueryForm
    submitHandler={[Function]}
  />
  
  
</div>
`;
